// Jest Snapshot v1, https://goo.gl/fbAQLP

exports[`<PostCard /> should match snapshot 1`] = `
<div
  class="post"
>
  <img
    alt="title 1"
    class="post__img"
    src="img/img.png"
  />
  <div
    class="post__content"
  >
    <h1
      name="title 1"
    >
       
      title 1
       
    </h1>
    <p>
       
      body 1
       
    </p>
  </div>
</div>
`;
